// Jest Snapshot v1, https://goo.gl/fbAQLP

exports[`renders correctly 1`] = `
<div
  style={
    Object {
      "background": "pink",
    }
  }
>
  <div>
    <img
      alt="Beer bottle image"
      src="src-path"
    />
  </div>
  <div>
    <h4>
      Beer name
    </h4>
    <span>
      Alc. 5% By Vol.
    </span>
    <p>
      Lorem ipmsum
    </p>
  </div>
</div>
`;
