// Jest Snapshot v1, https://goo.gl/fbAQLP

exports[`renders correctly 1`] = `
<div
  className="undefined "
  onClick={[Function]}
  style={
    Object {
      "background": "pink",
    }
  }
>
  <p>
    Add
  </p>
  <div
    className="undefined "
    style={
      Object {
        "width": "NaN%",
      }
    }
  />
</div>
`;
