// Jest Snapshot v1, https://goo.gl/fbAQLP

exports[`renders correctly 1`] = `
Array [
  <div
    className={undefined}
    style={
        Object {
            "flex": 1,
          }
    }
>
    <span
        className={undefined}
    >
        Fuggles
    </span>
</div>,
  <div
    className={undefined}
    style={
        Object {
            "flex": 1,
          }
    }
>
    <img
        alt=""
        className={undefined}
        src="weight.png"
    />
    <span
        className={undefined}
    >
        25 grams
    </span>
</div>,
  <div
    className={undefined}
    style={
        Object {
            "flex": 1,
          }
    }
>
    <img
        alt=""
        className={undefined}
        src="time.png"
    />
    <span
        className={undefined}
    >
        start
    </span>
</div>,
  <div
    className={undefined}
    style={
        Object {
            "flex": 1,
          }
    }
>
    <img
        alt=""
        className={undefined}
        src="label.png"
    />
    <span
        className={undefined}
    >
        bitter
    </span>
</div>,
]
`;
