// Jest Snapshot v1, https://goo.gl/fbAQLP

exports[`renders correctly 1`] = `
Array [
  <div
    style={
      Object {
        "flex": 1,
      }
    }
  >
    <span>
      Maris Otter Extra Pale
    </span>
  </div>,
  <div
    style={
      Object {
        "flex": 1,
      }
    }
  >
    <img
      alt=""
      src="weight.png"
    />
    <span>
      3.3 kilograms
    </span>
  </div>,
]
`;
