// Jest Snapshot v1, https://goo.gl/fbAQLP

exports[`renders correctly 1`] = `
Array [
  <div
    style={
      Object {
        "flex": 1,
      }
    }
  >
    <div>
      <div>
        <div>
          <span>
            1
          </span>
        </div>
        <img
          alt=""
          src="temperature.png"
        />
        <span>
          64ºC
        </span>
        <span>
          5s
        </span>
      </div>
    </div>
  </div>,
  <div
    style={
      Object {
        "flex": 1,
      }
    }
  >
    <img
      alt=""
      src="fermentation.png"
    />
    <span>
      19ºC
    </span>
  </div>,
  <div
    style={
      Object {
        "flex": 2,
      }
    }
  >
    <p>
      -
    </p>
  </div>,
]
`;
